2026-08-04 21:14:09,576 INFO o.a.j.u.JMeterUtils: Setting Locale to en_EN
2026-08-04 21:14:09,587 INFO o.a.j.JMeter: Loading user properties from: /home/kuri4/Documents/apache-jmeter-5.6.3/bin/user.properties
2026-08-04 21:14:09,588 INFO o.a.j.JMeter: Loading system properties from: /home/kuri4/Documents/apache-jmeter-5.6.3/bin/system.properties
2026-08-04 21:14:09,591 INFO o.a.j.JMeter: Copyright (c) 1998-2024 The Apache Software Foundation
2026-08-04 21:14:09,591 INFO o.a.j.JMeter: Version 5.6.3
2026-08-04 21:14:09,591 INFO o.a.j.JMeter: java.version=21.0.11
2026-08-04 21:14:09,591 INFO o.a.j.JMeter: java.vm.name=OpenJDK 64-Bit Server VM
2026-08-04 21:14:09,591 INFO o.a.j.JMeter: os.name=Linux
2026-08-04 21:14:09,591 INFO o.a.j.JMeter: os.arch=amd64
2026-08-04 21:14:09,591 INFO o.a.j.JMeter: os.version=7.0.0-28-generic
2026-08-04 21:14:09,591 INFO o.a.j.JMeter: file.encoding=UTF-8
2026-08-04 21:14:09,592 INFO o.a.j.JMeter: java.awt.headless=true
2026-08-04 21:14:09,592 INFO o.a.j.JMeter: Max memory     =1073741824
2026-08-04 21:14:09,592 INFO o.a.j.JMeter: Available Processors =16
2026-08-04 21:14:09,598 INFO o.a.j.JMeter: Default Locale=English (EN)
2026-08-04 21:14:09,598 INFO o.a.j.JMeter: JMeter  Locale=English (EN)
2026-08-04 21:14:09,598 INFO o.a.j.JMeter: JMeterHome=/home/kuri4/Documents/apache-jmeter-5.6.3
2026-08-04 21:14:09,598 INFO o.a.j.JMeter: user.dir  =/home/kuri4/projects/jtl-viewer
2026-08-04 21:14:09,598 INFO o.a.j.JMeter: PWD       =/home/kuri4/projects/jtl-viewer
2026-08-04 21:14:09,598 INFO o.a.j.JMeter: IP: 127.0.1.1 Name: KDE-Neon FullName: KDE-Neon
2026-08-04 21:14:09,606 ERROR o.a.j.JMeter: An error occurred: 
org.apache.jmeter.report.config.ConfigurationException: The file /home/kuri4/projects/jtl-viewer/test_plan.jmx doesn't exist or can't be opened
	at org.apache.jmeter.JMeter.runNonGui(JMeter.java:950) ~[ApacheJMeter_core.jar:5.6.3]
	at org.apache.jmeter.JMeter.startNonGui(JMeter.java:940) ~[ApacheJMeter_core.jar:5.6.3]
	at org.apache.jmeter.JMeter.start(JMeter.java:508) [ApacheJMeter_core.jar:5.6.3]
	at java.base/jdk.internal.reflect.DirectMethodHandleAccessor.invoke(DirectMethodHandleAccessor.java:103) ~[?:?]
	at java.base/java.lang.reflect.Method.invoke(Method.java:580) ~[?:?]
	at org.apache.jmeter.NewDriver.main(NewDriver.java:259) [ApacheJMeter.jar:5.6.3]
